<h1>Test</h1>
<pre><code class="language-javascript">var a = 10;
</code></pre>
